node.exe : npm warn config production Use `--omit=dev` instead.
At line:1 char:1
+ & "C:\Program Files\nodejs/node.exe" "C:\Users\Birat\AppData\Roaming\ ...
+ ~~~~~~~~~~~~~~~~~~~~~~~~~~~~~~~~~~~~~~~~~~~~~~~~~~~~~~~~~~~~~~~~~~~~~
    + CategoryInfo          : NotSpecified: (npm warn config...t=dev` instead. 
   :String) [], RemoteException
    + FullyQualifiedErrorId : NativeCommandError
 

> earthlyn-backend@1.0.0 build
> node node_modules/prisma/build/index.js generate && node node_modules/@nestjs/cli/bin/nest.js build

Environment variables loaded from .env
Prisma schema loaded from prisma\schema.prisma

Γ£ö Generated Prisma Client (v5.22.0) to .\node_modules\@prisma\client in 311ms

Start by importing your Prisma Client (See: https://pris.ly/d/importing-client)

Tip: Need your database queries to be 1000x faster? Accelerate offers you that and more: https://pris.ly/tip-2-accelerate

webpack 5.97.1 compiled [1m[32msuccessfully[39m[22m in 16637 ms
